// Jest Snapshot v1, https://goo.gl/fbAQLP

exports[`MSDItemLayout should return the right template 1`] = `
<article
  className="panel panel-default contenu"
>
  <div
    className="panel-heading"
  >
    <h3>
      title
    </h3>
  </div>
  <div
    className="panel-body"
  >
    CHILDREN
  </div>
</article>
`;
